<html>
<body>
<pre>
<h1>µVision Build Log</h1>
<h2>Project:</h2>
D:\STM_Pro\STM32_USART_Lib\Project\STM32_Test.uvproj
Project File Date:  03/29/2015

<h2>Output:</h2>
Build target 'Target 1'
compiling main.c...
linking...
.\STM32_Test.axf: Error: L6218E: Undefined symbol USART_Cmd (referred from main.o).
.\STM32_Test.axf: Error: L6218E: Undefined symbol USART_Init (referred from main.o).
.\STM32_Test.axf: Error: L6218E: Undefined symbol USART_SendData (referred from main.o).
".\STM32_Test.axf" - 3 Errors, 0 Warning(s).
Target not created
Build target 'Target 1'
compiling stm32f10x_usart.c...
linking...
Program Size: Code=3608 RO-data=268 RW-data=40 ZI-data=1024  
FromELF: creating hex file...
".\STM32_Test.axf" - 0 Errors, 0 Warning(s).
Build target 'Target 1'
compiling main.c...
linking...
Program Size: Code=3620 RO-data=268 RW-data=40 ZI-data=1024  
FromELF: creating hex file...
".\STM32_Test.axf" - 0 Errors, 0 Warning(s).
Build target 'Target 1'
compiling main.c...
linking...
Program Size: Code=3620 RO-data=268 RW-data=40 ZI-data=1024  
FromELF: creating hex file...
".\STM32_Test.axf" - 0 Errors, 0 Warning(s).
Build target 'Target 1'
compiling main.c...
linking...
Program Size: Code=3620 RO-data=268 RW-data=40 ZI-data=1024  
FromELF: creating hex file...
".\STM32_Test.axf" - 0 Errors, 0 Warning(s).
Build target 'Target 1'
compiling main.c...
linking...
Program Size: Code=3624 RO-data=268 RW-data=40 ZI-data=1024  
FromELF: creating hex file...
".\STM32_Test.axf" - 0 Errors, 0 Warning(s).
Build target 'Target 1'
compiling main.c...
compiling stm32f10x_it.c...
compiling usart1.c...
..\User\usart1\usart1.c(9): warning:  #1-D: last line of file ends without a newline
compiling stm32f10x_gpio.c...
compiling stm32f10x_rcc.c...
compiling stm32f10x_usart.c...
compiling core_cm3.c...
compiling system_stm32f10x.c...
linking...
Program Size: Code=3624 RO-data=268 RW-data=40 ZI-data=1024  
FromELF: creating hex file...
".\STM32_Test.axf" - 0 Errors, 1 Warning(s).
Build target 'Target 1'
compiling main.c...
..\User\usart1\usart1.h(10): warning:  #1-D: last line of file ends without a newline
..\User\main.c(6): warning:  #177-D: variable "i" was declared but never referenced
..\User\main.c(6): warning:  #177-D: variable "data" was declared but never referenced
compiling usart1.c...
..\User\usart1\usart1.h(10): warning:  #1-D: last line of file ends without a newline
linking...
Program Size: Code=3696 RO-data=268 RW-data=44 ZI-data=1028  
FromELF: creating hex file...
".\STM32_Test.axf" - 0 Errors, 4 Warning(s).
Build target 'Target 1'
compiling main.c...
..\User\main.c(6): warning:  #177-D: variable "i" was declared but never referenced
..\User\main.c(6): warning:  #177-D: variable "data" was declared but never referenced
compiling usart1.c...
linking...
Program Size: Code=3696 RO-data=268 RW-data=44 ZI-data=1028  
FromELF: creating hex file...
".\STM32_Test.axf" - 0 Errors, 2 Warning(s).
Build target 'Target 1'
compiling main.c...
compiling usart1.c...
linking...
Program Size: Code=3692 RO-data=268 RW-data=44 ZI-data=1028  
FromELF: creating hex file...
".\STM32_Test.axf" - 0 Errors, 0 Warning(s).
Build target 'Target 1'
compiling main.c...
linking...
Program Size: Code=3700 RO-data=268 RW-data=44 ZI-data=1028  
FromELF: creating hex file...
".\STM32_Test.axf" - 0 Errors, 0 Warning(s).
Build target 'Target 1'
compiling main.c...
linking...
Program Size: Code=3756 RO-data=268 RW-data=44 ZI-data=1028  
FromELF: creating hex file...
".\STM32_Test.axf" - 0 Errors, 0 Warning(s).
Build target 'Target 1'
compiling usart1.c...
linking...
Program Size: Code=3764 RO-data=268 RW-data=44 ZI-data=1028  
FromELF: creating hex file...
".\STM32_Test.axf" - 0 Errors, 0 Warning(s).
Build target 'Target 1'
linking...
Program Size: Code=3764 RO-data=268 RW-data=44 ZI-data=1028  
FromELF: creating hex file...
".\STM32_Test.axf" - 0 Errors, 0 Warning(s).
Rebuild target 'Target 1'
compiling main.c...
compiling stm32f10x_it.c...
compiling usart1.c...
assembling startup_stm32f10x_ld.s...
compiling stm32f10x_gpio.c...
compiling stm32f10x_rcc.c...
compiling stm32f10x_usart.c...
compiling core_cm3.c...
compiling system_stm32f10x.c...
linking...
Program Size: Code=3764 RO-data=268 RW-data=44 ZI-data=1028  
FromELF: creating hex file...
".\STM32_Test.axf" - 0 Errors, 0 Warning(s).
